// Jest Snapshot v1, https://goo.gl/fbAQLP

exports[`Pruebas en <AddCategory /> Debe mostrar <AddCategory /> correctamente 1`] = `
<form
  onSubmit={[Function]}
>
  <p />
  <input
    onChange={[Function]}
    placeholder="Ingresa una categoria"
    type="text"
    value=""
  />
</form>
`;
