// Jest Snapshot v1, https://goo.gl/fbAQLP

exports[`Prueba en <GifGrid /> Debe mostrar <GifGrid /> correctamente 1`] = `
<Fragment>
  <h3
    className="animate__animated animate__fadeIn"
  >
    HunterX
  </h3>
  <p
    className="animate__animated animate__flash animate__slower	3s"
  >
    Loading
  </p>
  <div
    className="card-grid"
  />
</Fragment>
`;
